# Strategies for Creative Problem Solving

The purpose of this book is to help problem solvers improve their street smarts.

A completely new paragraph of text!!
