# An H1 Section

H1 section body

Some preamble before Section 2

## An H2 Section

H2 section body
