Doc(metadata={'tag1': 'Hello', 'tag2': 5},
    preamble='',
    sections=[Section(level=1,
                      title='A Heading',
                      preamble='Some text',
                      subsections=[Section(level=2,
                                           title='Subsection',
                                           preamble='Text in a subsection',
                                           subsections=[])])])
