# An H1 Section

## An H2 Section

H2 section body

H1 section body
