---
title: Chromatic Fantasy
year: 1979
composer: Barbara Kolb
attributions: 'text by: Howard Stern'
---

The text is divided into three parts which all interrelate.

## Part 1

The young woman at the next table is wearing a long purple dress,
and I consider inviting her to join me for lunch.
