# An H1 Section

H1 section body

## An H2 Section

H2 section body
