Doc(metadata={},
    preamble='',
    sections=[Section(level=2,
                      title='Heading Number 1',
                      preamble='Content for heading number 1',
                      subsections=[Section(level=3,
                                           title='Heading 1-1',
                                           preamble='Content for heading number 1-1',
                                           subsections=[]),
                                   Section(level=3,
                                           title='Heading 1-2',
                                           preamble='Content for heading number 1-2',
                                           subsections=[])]),
              Section(level=2,
                      title='Heading Number 2',
                      preamble='Content for heading number 2',
                      subsections=[Section(level=3,
                                           title='Heading 2-1',
                                           preamble='Content for heading number 2-1',
                                           subsections=[])])])
