## Heading 1

Content for heading number 1

### Heading 1-1

Content for heading number 1-1

### Heading 1-2

Content for heading number 1-2
