# A Completely New Title!

The purpose of this book is to help problem solvers improve their street smarts.
