## An H2 Heading

Some H2 Heading text

# An H1 Heading

Some H1 Heading text
