Section(level=1,
        title='An H1',
        preamble='',
        subsections=[Section(level=2,
                             title='A new H2',
                             preamble='Some new H2 text',
                             subsections=[Section(level=3,
                                                  title='A new H3',
                                                  preamble='Some new H3 text',
                                                  subsections=[])]),
                     Section(level=2,
                             title='Another new H2',
                             preamble='More new H2 text',
                             subsections=[Section(level=3,
                                                  title='Another new H3',
                                                  preamble='More new H3 text\n\nSome H1 Text',
                                                  subsections=[Section(level=4,
                                                                       title='An h4',
                                                                       preamble='Some h4 text',
                                                                       subsections=[])])]),
                     Section(level=2,
                             title='yet another h2',
                             preamble='yet more h2 text',
                             subsections=[])])
