The first preamble

# First H1

First H1 section

The second preamble

# Second H1

Second H1 section
