## Heading Number 1

Content for heading number 1

### Heading 1-1

Content for heading number 1-1

### Heading 1-2

Content for heading number 1-2

## Heading Number 2

Content for heading number 2

### Heading 2-1

Content for heading number 2-1
