In the mind's eye one sees dinosaurs, mammoths, and sabertoothed tigers
