---
title: The main paragraph
---

The appended/prepended text

The original text
