Section(level=1,
        title='Strategies for Creative Problem Solving',
        preamble='A completely new paragraph of text!!\n'
                 '\n'
                 'The purpose of this book is to help problem solvers improve their street smarts.',
        subsections=[])
