---
tag1: Hello
tag2: 5
---

# A Heading

Some text

## Subsection

Text in a subsection
