## Heading Number 1

Content for heading number 1

## Heading Number 2

Content for heading number 2
