Doc(metadata={},
    preamble='The first preamble',
    sections=[Section(level=1,
                      title='First H1',
                      preamble='First H1 section\n\nThe second preamble',
                      subsections=[]),
              Section(level=1,
                      title='Second H1',
                      preamble='Second H1 section',
                      subsections=[])])
