---
title: Jo Brand
src: https://en.wikipedia.org/wiki/Jo_Brand
---

Her Doc Marten boots, large size, and short hair led to false rumours
that she was a lesbian.
