Doc(metadata={'title': 'Jo Brand', 'src': 'https://en.wikipedia.org/wiki/Jo_Brand'},
    preamble='Her Doc Marten boots, large size, and short hair led to false rumours\nthat she was a lesbian.',
    sections=[])
