Doc(metadata={},
    preamble='',
    sections=[Section(level=1,
                      title='An H1',
                      preamble='h1 text',
                      subsections=[Section(level=2,
                                           title='An H2',
                                           preamble='h2 text',
                                           subsections=[]),
                                   Section(level=2,
                                           title='Another H2',
                                           preamble='more h2 text',
                                           subsections=[Section(level=3,
                                                                title='An H3',
                                                                preamble='h3 text\n\nThe original preamble',
                                                                subsections=[])])])])
