Section(level=1,
        title='Strategies for Creative Problem Solving',
        preamble='The purpose of this book is to help problem solvers improve their street smarts.\n'
                 '\n'
                 'A completely new paragraph of text!!',
        subsections=[])
