# Strategies for Creative Problem Solving

A completely new paragraph of text!!

The purpose of this book is to help problem solvers improve their street smarts.
