Doc(metadata={'tag1': 'Hello', 'tag2': 5},
    preamble='',
    sections=[Section(level=1,
                      title='A Heading',
                      preamble='Some text',
                      subsections=[Section(level=2,
                                           title='Subsection',
                                           preamble='Text in a subsection',
                                           subsections=[Section(level=3,
                                                                title='An H3',
                                                                preamble='Some H3 content',
                                                                subsections=[])]),
                                   Section(level=2,
                                           title='An H2',
                                           preamble='Some H2 content',
                                           subsections=[])]),
              Section(level=1,
                      title='An H1',
                      preamble='Some H1 content',
                      subsections=[])])
