# First H1

First H1 section

# Second H1

Second H1 section
