Section(level=1,
        title='An H1 Section',
        preamble='H1 section body',
        subsections=[Section(level=2,
                             title='An H2 Section',
                             preamble='H2 section body',
                             subsections=[])])
