# An H1

## yet another h2

yet more h2 text

### Another h3

more h3 text

#### An h4

h4 text

h1 text

## An H2

h2 text

## Another H2

more h2 text

### An H3

h3 text
