---
title: The main paragraph
---

The original text

The appended/prepended text
