Doc(metadata={'title': 'The main paragraph'},
    preamble='The original text\n\nThe appended/prepended text',
    sections=[])
