Doc(metadata={},
    preamble='The first line of text\n\nThe second line of text',
    sections=[])
