---
title: All About Envelopes
src: https://en.wikipedia.org/wiki/Windowed_envelope
---

## Envelopes

Satisfactorily-strong envelopes for business and general-purpose domestic
correspondence can be, and are, in fact, made out of paper of various qualities.
